1) eRROR sOLVED

2)Error

states/PlayState.lua:481: attempt to perform arithmetic on local 'dt' (a nil value)

Traceback

[love "callbacks.lua"]:228: in function 'handler'
states/PlayState.lua:481: in function 'keypressed'
main.lua:65: in function <main.lua:64>
[love "callbacks.lua"]:154: in function <[love "callbacks.lua"]:144>
[C]: in function 'xpcall'


